// Jest Snapshot v1, https://goo.gl/fbAQLP

exports[`Card component renders correctly 1`] = `ShallowWrapper {}`;

exports[`Card component starts with a count of 0 1`] = `ShallowWrapper {}`;
