// Jest Snapshot v1, https://goo.gl/fbAQLP

exports[`Home component starts with a count of 0 1`] = `ShallowWrapper {}`;
