// Jest Snapshot v1, https://goo.gl/fbAQLP

exports[`Profile component renders correctly 1`] = `ShallowWrapper {}`;

exports[`Profile component starts with a count of 0 1`] = `ShallowWrapper {}`;
